[0.010s] Invoking command in '/home/workspace/my_robot/build/robot_description': CMAKE_PREFIX_PATH=${CMAKE_PREFIX_PATH}:/home/workspace/alexa/install/alexa_py_example:/home/workspace/ros_ws/install/my_robot_control:/home/workspace/mici_ws/install/py_srvcli:/home/workspace/mici_ws/install/py_pubsub:/home/workspace/mici_ws/install/py_parameter:/home/workspace/mici_ws/install/py_launch_exam:/home/workspace/turtlebot3_ws/install/turtlebot3_autorace_mission:/home/workspace/turtlebot3_ws/install/turtlebot3_autorace_detect:/home/workspace/turtlebot3_ws/install/turtlebot3_autorace_camera:/opt/ros/humble /usr/bin/cmake /home/workspace/my_robot/src/robot_description -DCMAKE_INSTALL_PREFIX=/home/workspace/my_robot/install/robot_description
[0.020s] -- Found ament_cmake: 1.3.12 (/opt/ros/humble/share/ament_cmake/cmake)
[0.109s] -- Override CMake install command with custom implementation using symlinks instead of copying resources
[0.113s] -- Found ament_lint_auto: 0.12.14 (/opt/ros/humble/share/ament_lint_auto/cmake)
[0.158s] -- Added test 'flake8' to check Python code syntax and style conventions
[0.158s] -- Added test 'lint_cmake' to check CMake code style
[0.159s] -- Added test 'pep257' to check Python code against some of the docstring style conventions in PEP 257
[0.159s] -- Added test 'xmllint' to check XML markup files
[0.160s] -- Configuring done
[0.161s] -- Generating done
[0.162s] -- Build files have been written to: /home/workspace/my_robot/build/robot_description
[0.164s] Invoked command in '/home/workspace/my_robot/build/robot_description' returned '0': CMAKE_PREFIX_PATH=${CMAKE_PREFIX_PATH}:/home/workspace/alexa/install/alexa_py_example:/home/workspace/ros_ws/install/my_robot_control:/home/workspace/mici_ws/install/py_srvcli:/home/workspace/mici_ws/install/py_pubsub:/home/workspace/mici_ws/install/py_parameter:/home/workspace/mici_ws/install/py_launch_exam:/home/workspace/turtlebot3_ws/install/turtlebot3_autorace_mission:/home/workspace/turtlebot3_ws/install/turtlebot3_autorace_detect:/home/workspace/turtlebot3_ws/install/turtlebot3_autorace_camera:/opt/ros/humble /usr/bin/cmake /home/workspace/my_robot/src/robot_description -DCMAKE_INSTALL_PREFIX=/home/workspace/my_robot/install/robot_description
[0.165s] Invoking command in '/home/workspace/my_robot/build/robot_description': CMAKE_PREFIX_PATH=${CMAKE_PREFIX_PATH}:/home/workspace/alexa/install/alexa_py_example:/home/workspace/ros_ws/install/my_robot_control:/home/workspace/mici_ws/install/py_srvcli:/home/workspace/mici_ws/install/py_pubsub:/home/workspace/mici_ws/install/py_parameter:/home/workspace/mici_ws/install/py_launch_exam:/home/workspace/turtlebot3_ws/install/turtlebot3_autorace_mission:/home/workspace/turtlebot3_ws/install/turtlebot3_autorace_detect:/home/workspace/turtlebot3_ws/install/turtlebot3_autorace_camera:/opt/ros/humble /usr/bin/cmake --build /home/workspace/my_robot/build/robot_description -- -j12 -l12
[0.203s] Invoked command in '/home/workspace/my_robot/build/robot_description' returned '0': CMAKE_PREFIX_PATH=${CMAKE_PREFIX_PATH}:/home/workspace/alexa/install/alexa_py_example:/home/workspace/ros_ws/install/my_robot_control:/home/workspace/mici_ws/install/py_srvcli:/home/workspace/mici_ws/install/py_pubsub:/home/workspace/mici_ws/install/py_parameter:/home/workspace/mici_ws/install/py_launch_exam:/home/workspace/turtlebot3_ws/install/turtlebot3_autorace_mission:/home/workspace/turtlebot3_ws/install/turtlebot3_autorace_detect:/home/workspace/turtlebot3_ws/install/turtlebot3_autorace_camera:/opt/ros/humble /usr/bin/cmake --build /home/workspace/my_robot/build/robot_description -- -j12 -l12
[0.211s] Invoking command in '/home/workspace/my_robot/build/robot_description': CMAKE_PREFIX_PATH=${CMAKE_PREFIX_PATH}:/home/workspace/alexa/install/alexa_py_example:/home/workspace/ros_ws/install/my_robot_control:/home/workspace/mici_ws/install/py_srvcli:/home/workspace/mici_ws/install/py_pubsub:/home/workspace/mici_ws/install/py_parameter:/home/workspace/mici_ws/install/py_launch_exam:/home/workspace/turtlebot3_ws/install/turtlebot3_autorace_mission:/home/workspace/turtlebot3_ws/install/turtlebot3_autorace_detect:/home/workspace/turtlebot3_ws/install/turtlebot3_autorace_camera:/opt/ros/humble /usr/bin/cmake --install /home/workspace/my_robot/build/robot_description
[0.217s] -- Install configuration: ""
[0.217s] -- Execute custom install script
[0.217s] -- Up-to-date symlink: /home/workspace/my_robot/install/robot_description/share/robot_description/urdf/inertial_macros.xacro
[0.218s] -- Symlinking: /home/workspace/my_robot/install/robot_description/share/robot_description/urdf/lidar.xacro
[0.227s] -- Up-to-date symlink: /home/workspace/my_robot/install/robot_description/share/robot_description/urdf/my_robot.urdf.xacro
[0.227s] -- Up-to-date symlink: /home/workspace/my_robot/install/robot_description/share/robot_description/urdf/robot_core.xacro
[0.228s] -- Up-to-date symlink: /home/workspace/my_robot/install/robot_description/share/robot_description/config/model.rviz
[0.228s] -- Up-to-date symlink: /home/workspace/my_robot/install/robot_description/share/robot_description/launch/display.launch.py
[0.228s] -- Up-to-date symlink: /home/workspace/my_robot/install/robot_description/share/robot_description/launch/gazebo_bot.launch.py
[0.228s] -- Up-to-date symlink: /home/workspace/my_robot/install/robot_description/share/ament_index/resource_index/package_run_dependencies/robot_description
[0.228s] -- Up-to-date symlink: /home/workspace/my_robot/install/robot_description/share/ament_index/resource_index/parent_prefix_path/robot_description
[0.228s] -- Up-to-date symlink: /home/workspace/my_robot/install/robot_description/share/robot_description/environment/ament_prefix_path.sh
[0.228s] -- Up-to-date symlink: /home/workspace/my_robot/install/robot_description/share/robot_description/environment/ament_prefix_path.dsv
[0.228s] -- Up-to-date symlink: /home/workspace/my_robot/install/robot_description/share/robot_description/environment/path.sh
[0.228s] -- Up-to-date symlink: /home/workspace/my_robot/install/robot_description/share/robot_description/environment/path.dsv
[0.228s] -- Up-to-date symlink: /home/workspace/my_robot/install/robot_description/share/robot_description/local_setup.bash
[0.228s] -- Up-to-date symlink: /home/workspace/my_robot/install/robot_description/share/robot_description/local_setup.sh
[0.229s] -- Up-to-date symlink: /home/workspace/my_robot/install/robot_description/share/robot_description/local_setup.zsh
[0.229s] -- Up-to-date symlink: /home/workspace/my_robot/install/robot_description/share/robot_description/local_setup.dsv
[0.229s] -- Symlinking: /home/workspace/my_robot/install/robot_description/share/robot_description/package.dsv
[0.236s] -- Up-to-date symlink: /home/workspace/my_robot/install/robot_description/share/ament_index/resource_index/packages/robot_description
[0.236s] -- Up-to-date symlink: /home/workspace/my_robot/install/robot_description/share/robot_description/cmake/robot_descriptionConfig.cmake
[0.237s] -- Up-to-date symlink: /home/workspace/my_robot/install/robot_description/share/robot_description/cmake/robot_descriptionConfig-version.cmake
[0.237s] -- Up-to-date symlink: /home/workspace/my_robot/install/robot_description/share/robot_description/package.xml
[0.238s] Invoked command in '/home/workspace/my_robot/build/robot_description' returned '0': CMAKE_PREFIX_PATH=${CMAKE_PREFIX_PATH}:/home/workspace/alexa/install/alexa_py_example:/home/workspace/ros_ws/install/my_robot_control:/home/workspace/mici_ws/install/py_srvcli:/home/workspace/mici_ws/install/py_pubsub:/home/workspace/mici_ws/install/py_parameter:/home/workspace/mici_ws/install/py_launch_exam:/home/workspace/turtlebot3_ws/install/turtlebot3_autorace_mission:/home/workspace/turtlebot3_ws/install/turtlebot3_autorace_detect:/home/workspace/turtlebot3_ws/install/turtlebot3_autorace_camera:/opt/ros/humble /usr/bin/cmake --install /home/workspace/my_robot/build/robot_description
