-- Install configuration: ""
-- Execute custom install script
-- Up-to-date symlink: /home/workspace/my_robot/install/robot_description/share/robot_description/urdf/gazebo_control.xacro
-- Up-to-date symlink: /home/workspace/my_robot/install/robot_description/share/robot_description/urdf/inertial_macros.xacro
-- Up-to-date symlink: /home/workspace/my_robot/install/robot_description/share/robot_description/urdf/lidar.xacro
-- Up-to-date symlink: /home/workspace/my_robot/install/robot_description/share/robot_description/urdf/my_robot.urdf.xacro
-- Up-to-date symlink: /home/workspace/my_robot/install/robot_description/share/robot_description/urdf/robot_core.xacro
-- Up-to-date symlink: /home/workspace/my_robot/install/robot_description/share/robot_description/urdf/ros2_control.xacro
-- Symlinking: /home/workspace/my_robot/install/robot_description/share/robot_description/config/gazebo_params.yaml
-- Up-to-date symlink: /home/workspace/my_robot/install/robot_description/share/robot_description/config/model.rviz
-- Up-to-date symlink: /home/workspace/my_robot/install/robot_description/share/robot_description/config/my_controller.yaml
-- Up-to-date symlink: /home/workspace/my_robot/install/robot_description/share/robot_description/world/my.world
-- Up-to-date symlink: /home/workspace/my_robot/install/robot_description/share/robot_description/world/obstacle.world
-- Up-to-date symlink: /home/workspace/my_robot/install/robot_description/share/robot_description/launch/controller.launch.py
-- Up-to-date symlink: /home/workspace/my_robot/install/robot_description/share/robot_description/launch/display.launch.py
-- Up-to-date symlink: /home/workspace/my_robot/install/robot_description/share/robot_description/launch/gazebo_bot.launch.py
-- Symlinking: /home/workspace/my_robot/install/robot_description/share/robot_description/launch/new.launch.py
-- Up-to-date symlink: /home/workspace/my_robot/install/robot_description/share/ament_index/resource_index/package_run_dependencies/robot_description
-- Up-to-date symlink: /home/workspace/my_robot/install/robot_description/share/ament_index/resource_index/parent_prefix_path/robot_description
-- Up-to-date symlink: /home/workspace/my_robot/install/robot_description/share/robot_description/environment/ament_prefix_path.sh
-- Up-to-date symlink: /home/workspace/my_robot/install/robot_description/share/robot_description/environment/ament_prefix_path.dsv
-- Up-to-date symlink: /home/workspace/my_robot/install/robot_description/share/robot_description/environment/path.sh
-- Up-to-date symlink: /home/workspace/my_robot/install/robot_description/share/robot_description/environment/path.dsv
-- Up-to-date symlink: /home/workspace/my_robot/install/robot_description/share/robot_description/local_setup.bash
-- Up-to-date symlink: /home/workspace/my_robot/install/robot_description/share/robot_description/local_setup.sh
-- Up-to-date symlink: /home/workspace/my_robot/install/robot_description/share/robot_description/local_setup.zsh
-- Up-to-date symlink: /home/workspace/my_robot/install/robot_description/share/robot_description/local_setup.dsv
-- Symlinking: /home/workspace/my_robot/install/robot_description/share/robot_description/package.dsv
-- Up-to-date symlink: /home/workspace/my_robot/install/robot_description/share/ament_index/resource_index/packages/robot_description
-- Up-to-date symlink: /home/workspace/my_robot/install/robot_description/share/robot_description/cmake/robot_descriptionConfig.cmake
-- Up-to-date symlink: /home/workspace/my_robot/install/robot_description/share/robot_description/cmake/robot_descriptionConfig-version.cmake
-- Up-to-date symlink: /home/workspace/my_robot/install/robot_description/share/robot_description/package.xml
